#-----------------------------------------------------------
# Vivado v2023.2 (64-bit)
# SW Build 4029153 on Fri Oct 13 20:13:54 MDT 2023
# IP Build 4028589 on Sat Oct 14 00:45:43 MDT 2023
# SharedData Build 4025554 on Tue Oct 10 17:18:54 MDT 2023
# Start of session at: Tue Jan  2 22:31:14 2024
# Process ID: 77783
# Current directory: /home/raul/Desktop/Master/Anul1/Sem1/SDTR/Stopwatch_FreeRTOS_PynqZ2/work/Counter/Vivado/rgb_led_platform/rgb_led_platform.runs/impl_1
# Command line: vivado -log rgb_led_wrapper.vdi -applog -product Vivado -messageDb vivado.pb -mode batch -source rgb_led_wrapper.tcl -notrace
# Log file: /home/raul/Desktop/Master/Anul1/Sem1/SDTR/Stopwatch_FreeRTOS_PynqZ2/work/Counter/Vivado/rgb_led_platform/rgb_led_platform.runs/impl_1/rgb_led_wrapper.vdi
# Journal file: /home/raul/Desktop/Master/Anul1/Sem1/SDTR/Stopwatch_FreeRTOS_PynqZ2/work/Counter/Vivado/rgb_led_platform/rgb_led_platform.runs/impl_1/vivado.jou
# Running On: raulPC, OS: Linux, CPU Frequency: 1401.349 MHz, CPU Physical cores: 16, Host memory: 16621 MB
#-----------------------------------------------------------
source rgb_led_wrapper.tcl -notrace
