#-----------------------------------------------------------
# Vivado v2023.2 (64-bit)
# SW Build 4029153 on Fri Oct 13 20:13:54 MDT 2023
# IP Build 4028589 on Sat Oct 14 00:45:43 MDT 2023
# SharedData Build 4025554 on Tue Oct 10 17:18:54 MDT 2023
# Start of session at: Fri Dec 29 18:28:49 2023
# Process ID: 12220
# Current directory: /home/raul/Desktop/Master/Anul1/Sem1/SDTR/RISCV-RTDS/work/Counter/Vivado/rgb_led_platform/rgb_led_platform.runs/rgb_led_axi_gpio_0_0_synth_1
# Command line: vivado -log rgb_led_axi_gpio_0_0.vds -product Vivado -mode batch -messageDb vivado.pb -notrace -source rgb_led_axi_gpio_0_0.tcl
# Log file: /home/raul/Desktop/Master/Anul1/Sem1/SDTR/RISCV-RTDS/work/Counter/Vivado/rgb_led_platform/rgb_led_platform.runs/rgb_led_axi_gpio_0_0_synth_1/rgb_led_axi_gpio_0_0.vds
# Journal file: /home/raul/Desktop/Master/Anul1/Sem1/SDTR/RISCV-RTDS/work/Counter/Vivado/rgb_led_platform/rgb_led_platform.runs/rgb_led_axi_gpio_0_0_synth_1/vivado.jou
# Running On: raulPC, OS: Linux, CPU Frequency: 1397.024 MHz, CPU Physical cores: 16, Host memory: 16621 MB
#-----------------------------------------------------------
source rgb_led_axi_gpio_0_0.tcl -notrace
