17:47:28 **** Build of configuration Debug for project Counter_freeRTOS ****
make all 
make --no-print-directory pre-build
a9-linaro-pre-build-step
 
make --no-print-directory main-build
Building file: ../src/freertos_hello_world.c
Invoking: ARM v7 gcc compiler
arm-none-eabi-gcc -Wall -O0 -g3 -c -fmessage-length=0 -MT"src/freertos_hello_world.o" -mcpu=cortex-a9 -mfpu=vfpv3 -mfloat-abi=hard -I/home/raul/Desktop/Master/Anul1/Sem1/SDTR/RISCV-RTDS/work/Counter/PynqZ2_linux_platform/export/PynqZ2_linux_platform/sw/PynqZ2_linux_platform/freertos10_xilinx_ps7_cortexa9_0/bspinclude/include -MMD -MP -MF"src/freertos_hello_world.d" -MT"src/freertos_hello_world.o" -o "src/freertos_hello_world.o" "../src/freertos_hello_world.c"
Finished building: ../src/freertos_hello_world.c
 
Building target: Counter_freeRTOS.elf
Invoking: ARM v7 gcc linker
arm-none-eabi-gcc -mcpu=cortex-a9 -mfpu=vfpv3 -mfloat-abi=hard -Wl,-build-id=none -specs=Xilinx.spec -Wl,-T -Wl,../src/lscript.ld -L/home/raul/Desktop/Master/Anul1/Sem1/SDTR/RISCV-RTDS/work/Counter/PynqZ2_linux_platform/export/PynqZ2_linux_platform/sw/PynqZ2_linux_platform/freertos10_xilinx_ps7_cortexa9_0/bsplib/lib -o "Counter_freeRTOS.elf" ./src/freertos_hello_world.o   -Wl,--start-group,-lxil,-lfreertos,-lgcc,-lc,--end-group -Wl,--start-group,-lxiltimer,-lxil,-lgcc,-lc,--end-group
Finished building target: Counter_freeRTOS.elf
 
Invoking: ARM v7 Print Size
arm-none-eabi-size Counter_freeRTOS.elf  |tee "Counter_freeRTOS.elf.size"
   text	   data	    bss	    dec	    hex	filename
  84868	   3372	  88816	 177056	  2b3a0	Counter_freeRTOS.elf
Finished building: Counter_freeRTOS.elf.size
 

17:47:29 Build Finished (took 638ms)

