18:09:25 **** Build of configuration Debug for project No_freertos ****
make all 
make --no-print-directory pre-build
a9-linaro-pre-build-step
 
make --no-print-directory main-build
Building file: ../src/helloworld.c
Invoking: ARM v7 gcc compiler
arm-none-eabi-gcc -Wall -O0 -g3 -c -fmessage-length=0 -MT"src/helloworld.o" -mcpu=cortex-a9 -mfpu=vfpv3 -mfloat-abi=hard -I/home/raul/Desktop/Master/Anul1/Sem1/SDTR/RISCV-RTDS/work/Counter/PynqZ2_nofreertos/export/PynqZ2_nofreertos/sw/PynqZ2_nofreertos/standalone_ps7_cortexa9_0/bspinclude/include -MMD -MP -MF"src/helloworld.d" -MT"src/helloworld.o" -o "src/helloworld.o" "../src/helloworld.c"
Finished building: ../src/helloworld.c
 
Building file: ../src/platform.c
Invoking: ARM v7 gcc compiler
arm-none-eabi-gcc -Wall -O0 -g3 -c -fmessage-length=0 -MT"src/platform.o" -mcpu=cortex-a9 -mfpu=vfpv3 -mfloat-abi=hard -I/home/raul/Desktop/Master/Anul1/Sem1/SDTR/RISCV-RTDS/work/Counter/PynqZ2_nofreertos/export/PynqZ2_nofreertos/sw/PynqZ2_nofreertos/standalone_ps7_cortexa9_0/bspinclude/include -MMD -MP -MF"src/platform.d" -MT"src/platform.o" -o "src/platform.o" "../src/platform.c"
Finished building: ../src/platform.c
 
Building target: No_freertos.elf
Invoking: ARM v7 gcc linker
arm-none-eabi-gcc -mcpu=cortex-a9 -mfpu=vfpv3 -mfloat-abi=hard -Wl,-build-id=none -specs=Xilinx.spec -Wl,-T -Wl,../src/lscript.ld -L/home/raul/Desktop/Master/Anul1/Sem1/SDTR/RISCV-RTDS/work/Counter/PynqZ2_nofreertos/export/PynqZ2_nofreertos/sw/PynqZ2_nofreertos/standalone_ps7_cortexa9_0/bsplib/lib -o "No_freertos.elf" ./src/helloworld.o ./src/platform.o   -Wl,--start-group,-lxil,-lgcc,-lc,--end-group
Finished building target: No_freertos.elf
 
Invoking: ARM v7 Print Size
arm-none-eabi-size No_freertos.elf  |tee "No_freertos.elf.size"
   text	   data	    bss	    dec	    hex	filename
  19096	   1144	  22568	  42808	   a738	No_freertos.elf
Finished building: No_freertos.elf.size
 

18:09:26 Build Finished (took 750ms)

